// Jest Snapshot v1, https://goo.gl/fbAQLP

exports[`City component test Renders City 1`] = `
<a
  className="city"
  href="/details"
  onClick={[Function]}
>
  <span>
    test
  </span>
</a>
`;
